# vsim -debugDB -l sim.log -voptargs="+acc" -assertdebug -c tb_calculator_top -do "log -r /*; run -all; quit" 
# Start time: 09:05:18 on Sep 30,2026
# ** Note: (vsim-3812) Design is being optimized...
# ** Note: (vsim-8611) Generating debug db.
# //  Questa Sim-64
# //  Version 2021.2_1 linux_x86_64 May 15 2021
# //
# //  Copyright 1991-2021 Mentor Graphics Corporation
# //  All Rights Reserved.
# //
# //  QuestaSim and its associated documentation contain trade
# //  secrets and commercial or financial information that are the property of
# //  Mentor Graphics Corporation and are privileged, confidential,
# //  and exempt from disclosure under the Freedom of Information Act,
# //  5 U.S.C. Section 552. Furthermore, this information
# //  is prohibited from disclosure under the Trade Secrets Act,
# //  18 U.S.C. Section 1905.
# //
# Loading sv_std.std
# Loading work.tb_calculator_top(fast)
# Loading work.calculator_top(fast)
# Loading work.storage_unit(fast)
# Loading work.alu_core(fast)
# ** Note: (vsim-8900) Creating design debug database vsim.dbg.
# log -r /*
#  run -all
# -----------------------------------------------------
# STARTING TESTCASE: tc_basic_arithmetic (100% Coverage Target)
# -----------------------------------------------------
# [PASS] Op 1 (R1, R0) -> Out=-1, Err=0
# [PASS] Op 1 (R0, R1) -> Out=-1, Err=0
# [PASS] Op 10 (R2, R3) -> Out=-1, Err=0
# [PASS] Op 10 (R3, R2) -> Out=1, Err=0
# [PASS] Op 1 (R0, R1) -> Out=75, Err=0
# [PASS] Op 10 (R0, R1) -> Out=125, Err=0
# [PASS] Op 11 (R1, R2) -> Out=-7500, Err=0
# [PASS] Op 100 (R0, R1) -> Out=-4, Err=0
# [PASS] Op 100 (R0, R3) -> Out=0, Err=1
# [PASS] Op 0 (R0, R0) -> Out=0, Err=0
# -----------------------------------------------------
# >>> TEST STATUS: ALL CHECKS PASSED <<<
# -----------------------------------------------------
# ** Note: $finish    : /home/bao/my_project/calculator/tc/tc_basic_arithmetic.sv(61)
#    Time: 570 ns  Iteration: 1  Instance: /tb_calculator_top
# End time: 09:05:20 on Sep 30,2026, Elapsed time: 0:00:02
# Errors: 0, Warnings: 0
